<?xml version="1.0" encoding="UTF-8"?>
<testsuites>
    <testsuite name="regis;regis-on-digiclinic-user" tests="8" failures="0" skipped="0">
        <properties>
            <property name="URI" value="D:\Automation Testing\Functional-Testing-Pro3\features\regis.feature">
            </property>
        </properties>
        <testcase name="Given user browse regis page" classname="regis;regis-on-digiclinic-user" time="0.0014878">
        </testcase>
        <testcase name="And user click regis menu" classname="regis;regis-on-digiclinic-user" time="0.0003926">
        </testcase>
        <testcase name="And User click submenuRegis to regis" classname="regis;regis-on-digiclinic-user" time="0.0009912">
        </testcase>
        <testcase name="And user fill fullname to regis" classname="regis;regis-on-digiclinic-user" time="0.0003495">
        </testcase>
        <testcase name="And user fill email to regis" classname="regis;regis-on-digiclinic-user" time="0.000328">
        </testcase>
        <testcase name="And user fill phoneno to regis" classname="regis;regis-on-digiclinic-user" time="0.00027">
        </testcase>
        <testcase name="When user fill clinicname to regis" classname="regis;regis-on-digiclinic-user" time="0.000416">
        </testcase>
        <testcase name="Then user click regis button" classname="regis;regis-on-digiclinic-user" time="0.000298">
        </testcase>
    </testsuite>
</testsuites>